Release 14.7 - xst P.20131013 (nt64)
Copyright (c) 1995-2013 Xilinx, Inc.  All rights reserved.
--> Parameter TMPDIR set to xst/projnav.tmp


Total REAL time to Xst completion: 0.00 secs
Total CPU time to Xst completion: 0.20 secs
 
--> Parameter xsthdpdir set to xst


Total REAL time to Xst completion: 0.00 secs
Total CPU time to Xst completion: 0.20 secs
 
--> Reading design: Top.prj

TABLE OF CONTENTS
  1) Synthesis Options Summary
  2) HDL Parsing
  3) HDL Elaboration
  4) HDL Synthesis
       4.1) HDL Synthesis Report
  5) Advanced HDL Synthesis
       5.1) Advanced HDL Synthesis Report
  6) Low Level Synthesis
  7) Partition Report
  8) Design Summary
       8.1) Primitive and Black Box Usage
       8.2) Device utilization summary
       8.3) Partition Resource Summary
       8.4) Timing Report
            8.4.1) Clock Information
            8.4.2) Asynchronous Control Signals Information
            8.4.3) Timing Summary
            8.4.4) Timing Details
            8.4.5) Cross Clock Domains Report


=========================================================================
*                      Synthesis Options Summary                        *
=========================================================================
---- Source Parameters
Input File Name                    : "Top.prj"
Ignore Synthesis Constraint File   : NO

---- Target Parameters
Output File Name                   : "Top"
Output Format                      : NGC
Target Device                      : xc7a100t-3-csg324

---- Source Options
Top Module Name                    : Top
Automatic FSM Extraction           : YES
FSM Encoding Algorithm             : Auto
Safe Implementation                : No
FSM Style                          : LUT
RAM Extraction                     : Yes
RAM Style                          : Auto
ROM Extraction                     : Yes
Shift Register Extraction          : YES
ROM Style                          : Auto
Resource Sharing                   : YES
Asynchronous To Synchronous        : NO
Shift Register Minimum Size        : 2
Use DSP Block                      : Auto
Automatic Register Balancing       : No

---- Target Options
LUT Combining                      : Auto
Reduce Control Sets                : Auto
Add IO Buffers                     : YES
Global Maximum Fanout              : 100000
Add Generic Clock Buffer(BUFG)     : 32
Register Duplication               : YES
Optimize Instantiated Primitives   : NO
Use Clock Enable                   : Auto
Use Synchronous Set                : Auto
Use Synchronous Reset              : Auto
Pack IO Registers into IOBs        : Auto
Equivalent register Removal        : YES

---- General Options
Optimization Goal                  : Speed
Optimization Effort                : 1
Power Reduction                    : NO
Keep Hierarchy                     : No
Netlist Hierarchy                  : As_Optimized
RTL Output                         : Yes
Global Optimization                : AllClockNets
Read Cores                         : YES
Write Timing Constraints           : NO
Cross Clock Analysis               : NO
Hierarchy Separator                : /
Bus Delimiter                      : <>
Case Specifier                     : Maintain
Slice Utilization Ratio            : 100
BRAM Utilization Ratio             : 100
DSP48 Utilization Ratio            : 100
Auto BRAM Packing                  : NO
Slice Utilization Ratio Delta      : 5

=========================================================================


=========================================================================
*                          HDL Parsing                                  *
=========================================================================
Parsing VHDL file "D:\Study\AUT\Term6\AZ Logical\Project\ALU\Decoder.vhd" into library work
Parsing entity <Decoder>.
Parsing architecture <Behavioral> of entity <decoder>.
Parsing VHDL file "D:\Study\AUT\Term6\AZ Logical\Project\ALU\ALU.vhd" into library work
Parsing entity <ALU>.
Parsing architecture <Behavioral> of entity <alu>.
Parsing VHDL file "D:\Study\AUT\Term6\AZ Logical\Project\ALU\Top.vhd" into library work
Parsing entity <Top>.
Parsing architecture <Behavioral> of entity <top>.

=========================================================================
*                            HDL Elaboration                            *
=========================================================================

Elaborating entity <Top> (architecture <Behavioral>) with generics from library <work>.

Elaborating entity <ALU> (architecture <Behavioral>) with generics from library <work>.

Elaborating entity <Decoder> (architecture <Behavioral>) from library <work>.

=========================================================================
*                           HDL Synthesis                               *
=========================================================================

Synthesizing Unit <Top>.
    Related source file is "D:\Study\AUT\Term6\AZ Logical\Project\ALU\Top.vhd".
        DataWidth = 10
    Summary:
	no macro.
Unit <Top> synthesized.

Synthesizing Unit <ALU>.
    Related source file is "D:\Study\AUT\Term6\AZ Logical\Project\ALU\ALU.vhd".
        DataWidth = 10
    Found 3-bit register for signal <currentState>.
    Found 3-bit register for signal <scode>.
    Found 10-bit register for signal <main.REG2>.
    Found 10-bit register for signal <main.OUTREG>.
    Found 10-bit register for signal <main.temp>.
    Found 10-bit register for signal <output>.
    Found 3-bit register for signal <flag>.
    Found 10-bit register for signal <main.REG1>.
    Found finite state machine <FSM_0> for signal <currentState>.
    -----------------------------------------------------------------------
    | States             | 6                                              |
    | Transitions        | 10                                             |
    | Inputs             | 7                                              |
    | Outputs            | 3                                              |
    | Clock              | clk (rising_edge)                              |
    | Reset              | RST (positive)                                 |
    | Reset type         | asynchronous                                   |
    | Reset State        | ready                                          |
    | Power Up State     | ready                                          |
    | Encoding           | auto                                           |
    | Implementation     | LUT                                            |
    -----------------------------------------------------------------------
    Found 10-bit adder for signal <main.REG1[9]_main.REG2[9]_add_11_OUT> created at line 89.
    Found 10-bit subtractor for signal <GND_7_o_GND_7_o_sub_10_OUT<9:0>> created at line 79.
    Found 10x10-bit multiplier for signal <n0068> created at line 99.
    Found 10-bit 9-to-1 multiplexer for signal <operation[3]_GND_7_o_wide_mux_15_OUT> created at line 76.
    Found 4-bit comparator greater for signal <PWR_7_o_operation[3]_LessThan_3_o> created at line 66
    Summary:
	inferred   1 Multiplier(s).
	inferred   1 Adder/Subtractor(s).
	inferred  56 D-type flip-flop(s).
	inferred   1 Comparator(s).
	inferred  20 Multiplexer(s).
	inferred   1 Finite State Machine(s).
Unit <ALU> synthesized.

Synthesizing Unit <Decoder>.
    Related source file is "D:\Study\AUT\Term6\AZ Logical\Project\ALU\Decoder.vhd".
    Summary:
	no macro.
Unit <Decoder> synthesized.

=========================================================================
HDL Synthesis Report

Macro Statistics
# Multipliers                                          : 1
 10x10-bit multiplier                                  : 1
# Adders/Subtractors                                   : 1
 10-bit addsub                                         : 1
# Registers                                            : 6
 10-bit register                                       : 3
 20-bit register                                       : 1
 3-bit register                                        : 2
# Comparators                                          : 1
 4-bit comparator greater                              : 1
# Multiplexers                                         : 20
 10-bit 2-to-1 multiplexer                             : 13
 3-bit 2-to-1 multiplexer                              : 7
# FSMs                                                 : 1
# Xors                                                 : 1
 10-bit xor2                                           : 1

=========================================================================
INFO:Xst:1767 - HDL ADVISOR - Resource sharing has identified that some arithmetic operations in this design can share the same physical resources for reduced device utilization. For improved clock frequency you may try to disable resource sharing.

=========================================================================
*                       Advanced HDL Synthesis                          *
=========================================================================

WARNING:Xst:2677 - Node <main.temp_1> of sequential type is unconnected in block <Inst_ALU>.
WARNING:Xst:2677 - Node <main.temp_2> of sequential type is unconnected in block <Inst_ALU>.
WARNING:Xst:2677 - Node <main.temp_3> of sequential type is unconnected in block <Inst_ALU>.
WARNING:Xst:2677 - Node <main.temp_4> of sequential type is unconnected in block <Inst_ALU>.
WARNING:Xst:2677 - Node <main.temp_5> of sequential type is unconnected in block <Inst_ALU>.
WARNING:Xst:2677 - Node <main.temp_6> of sequential type is unconnected in block <Inst_ALU>.
WARNING:Xst:2677 - Node <main.temp_7> of sequential type is unconnected in block <Inst_ALU>.
WARNING:Xst:2677 - Node <main.temp_8> of sequential type is unconnected in block <Inst_ALU>.
WARNING:Xst:2677 - Node <main.temp_1> of sequential type is unconnected in block <ALU>.
WARNING:Xst:2677 - Node <main.temp_2> of sequential type is unconnected in block <ALU>.
WARNING:Xst:2677 - Node <main.temp_3> of sequential type is unconnected in block <ALU>.
WARNING:Xst:2677 - Node <main.temp_4> of sequential type is unconnected in block <ALU>.
WARNING:Xst:2677 - Node <main.temp_5> of sequential type is unconnected in block <ALU>.
WARNING:Xst:2677 - Node <main.temp_6> of sequential type is unconnected in block <ALU>.
WARNING:Xst:2677 - Node <main.temp_7> of sequential type is unconnected in block <ALU>.
WARNING:Xst:2677 - Node <main.temp_8> of sequential type is unconnected in block <ALU>.

=========================================================================
Advanced HDL Synthesis Report

Macro Statistics
# Multipliers                                          : 1
 10x10-bit multiplier                                  : 1
# Adders/Subtractors                                   : 1
 10-bit addsub                                         : 1
# Registers                                            : 48
 Flip-Flops                                            : 48
# Comparators                                          : 1
 4-bit comparator greater                              : 1
# Multiplexers                                         : 20
 10-bit 2-to-1 multiplexer                             : 13
 3-bit 2-to-1 multiplexer                              : 7
# FSMs                                                 : 1
# Xors                                                 : 1
 10-bit xor2                                           : 1

=========================================================================

=========================================================================
*                         Low Level Synthesis                           *
=========================================================================
Analyzing FSM <MFsm> for best encoding.
Optimizing FSM <Inst_ALU/FSM_0> on signal <currentState[1:3]> with user encoding.
------------------------
 State      | Encoding
------------------------
 ready      | 000
 decode     | 001
 in_process | 010
 writing    | 011
 reading    | 100
 in_output  | 101
------------------------

Optimizing unit <Top> ...

Optimizing unit <ALU> ...
WARNING:Xst:1710 - FF/Latch <flag_2> (without init value) has a constant value of 0 in block <ALU>. This FF/Latch will be trimmed during the optimization process.

Mapping all equations...
Building and optimizing final netlist ...
Found area constraint ratio of 100 (+ 5) on block Top, actual ratio is 0.

Final Macro Processing ...

=========================================================================
Final Register Report

Macro Statistics
# Registers                                            : 50
 Flip-Flops                                            : 50

=========================================================================

=========================================================================
*                           Partition Report                            *
=========================================================================

Partition Implementation Status
-------------------------------

  No Partitions were found in this design.

-------------------------------

=========================================================================
*                            Design Summary                             *
=========================================================================

Top Level Output File Name         : Top.ngc

Primitive and Black Box Usage:
------------------------------
# BELS                             : 187
#      GND                         : 1
#      INV                         : 5
#      LUT2                        : 11
#      LUT3                        : 24
#      LUT4                        : 50
#      LUT5                        : 6
#      LUT6                        : 50
#      MUXCY                       : 9
#      MUXF7                       : 20
#      VCC                         : 1
#      XORCY                       : 10
# FlipFlops/Latches                : 50
#      FDC                         : 3
#      FDCE                        : 3
#      FDE                         : 44
# Clock Buffers                    : 1
#      BUFGP                       : 1
# IO Buffers                       : 62
#      IBUF                        : 25
#      OBUF                        : 37
# DSPs                             : 1
#      DSP48E1                     : 1

Device utilization summary:
---------------------------

Selected Device : 7a100tcsg324-3 


Slice Logic Utilization: 
 Number of Slice Registers:              50  out of  126800     0%  
 Number of Slice LUTs:                  146  out of  63400     0%  
    Number used as Logic:               146  out of  63400     0%  

Slice Logic Distribution: 
 Number of LUT Flip Flop pairs used:    165
   Number with an unused Flip Flop:     115  out of    165    69%  
   Number with an unused LUT:            19  out of    165    11%  
   Number of fully used LUT-FF pairs:    31  out of    165    18%  
   Number of unique control sets:         7

IO Utilization: 
 Number of IOs:                          63
 Number of bonded IOBs:                  63  out of    210    30%  

Specific Feature Utilization:
 Number of BUFG/BUFGCTRLs:                1  out of     32     3%  
 Number of DSP48E1s:                      1  out of    240     0%  

---------------------------
Partition Resource Summary:
---------------------------

  No Partitions were found in this design.

---------------------------


=========================================================================
Timing Report

NOTE: THESE TIMING NUMBERS ARE ONLY A SYNTHESIS ESTIMATE.
      FOR ACCURATE TIMING INFORMATION PLEASE REFER TO THE TRACE REPORT
      GENERATED AFTER PLACE-and-ROUTE.

Clock Information:
------------------
-----------------------------------+------------------------+-------+
Clock Signal                       | Clock buffer(FF name)  | Load  |
-----------------------------------+------------------------+-------+
clk                                | BUFGP                  | 51    |
-----------------------------------+------------------------+-------+

Asynchronous Control Signals Information:
----------------------------------------
No asynchronous control signals found in this design

Timing Summary:
---------------
Speed Grade: -3

   Minimum period: 3.352ns (Maximum Frequency: 298.303MHz)
   Minimum input arrival time before clock: 2.551ns
   Maximum output required time after clock: 1.326ns
   Maximum combinational path delay: 0.971ns

Timing Details:
---------------
All values displayed in nanoseconds (ns)

=========================================================================
Timing constraint: Default period analysis for Clock 'clk'
  Clock period: 3.352ns (frequency: 298.303MHz)
  Total number of paths / destination ports: 601 / 79
-------------------------------------------------------------------------
Delay:               3.352ns (Levels of Logic = 1)
  Source:            Inst_ALU/Mmult_n0068 (DSP)
  Destination:       Inst_ALU/main.OUTREG_9 (FF)
  Source Clock:      clk rising
  Destination Clock: clk rising

  Data Path: Inst_ALU/Mmult_n0068 to Inst_ALU/main.OUTREG_9
                                Gate     Net
    Cell:in->out      fanout   Delay   Delay  Logical Name (Net Name)
    ----------------------------------------  ------------
     DSP48E1:CLK->P9       1   2.952   0.295  Inst_ALU/Mmult_n0068 (Inst_ALU/n0068<9>)
     LUT6:I5->O            1   0.097   0.000  Inst_ALU/Mmux__n0128205 (Inst_ALU/_n0128<9>)
     FDE:D                     0.008          Inst_ALU/main.OUTREG_9
    ----------------------------------------
    Total                      3.352ns (3.057ns logic, 0.295ns route)
                                       (91.2% logic, 8.8% route)

=========================================================================
Timing constraint: Default OFFSET IN BEFORE for Clock 'clk'
  Total number of paths / destination ports: 550 / 110
-------------------------------------------------------------------------
Offset:              2.551ns (Levels of Logic = 14)
  Source:            operation<0> (PAD)
  Destination:       Inst_ALU/main.OUTREG_9 (FF)
  Destination Clock: clk rising

  Data Path: operation<0> to Inst_ALU/main.OUTREG_9
                                Gate     Net
    Cell:in->out      fanout   Delay   Delay  Logical Name (Net Name)
    ----------------------------------------  ------------
     IBUF:I->O            71   0.001   0.669  operation_0_IBUF (operation_0_IBUF)
     LUT4:I0->O            1   0.097   0.000  Inst_ALU/Mmux_operation[3]_GND_7_o_wide_mux_15_OUT3_rs_lut<0> (Inst_ALU/Mmux_operation[3]_GND_7_o_wide_mux_15_OUT3_rs_lut<0>)
     MUXCY:S->O            1   0.353   0.000  Inst_ALU/Mmux_operation[3]_GND_7_o_wide_mux_15_OUT3_rs_cy<0> (Inst_ALU/Mmux_operation[3]_GND_7_o_wide_mux_15_OUT3_rs_cy<0>)
     MUXCY:CI->O           1   0.023   0.000  Inst_ALU/Mmux_operation[3]_GND_7_o_wide_mux_15_OUT3_rs_cy<1> (Inst_ALU/Mmux_operation[3]_GND_7_o_wide_mux_15_OUT3_rs_cy<1>)
     MUXCY:CI->O           1   0.023   0.000  Inst_ALU/Mmux_operation[3]_GND_7_o_wide_mux_15_OUT3_rs_cy<2> (Inst_ALU/Mmux_operation[3]_GND_7_o_wide_mux_15_OUT3_rs_cy<2>)
     MUXCY:CI->O           1   0.023   0.000  Inst_ALU/Mmux_operation[3]_GND_7_o_wide_mux_15_OUT3_rs_cy<3> (Inst_ALU/Mmux_operation[3]_GND_7_o_wide_mux_15_OUT3_rs_cy<3>)
     MUXCY:CI->O           1   0.023   0.000  Inst_ALU/Mmux_operation[3]_GND_7_o_wide_mux_15_OUT3_rs_cy<4> (Inst_ALU/Mmux_operation[3]_GND_7_o_wide_mux_15_OUT3_rs_cy<4>)
     MUXCY:CI->O           1   0.023   0.000  Inst_ALU/Mmux_operation[3]_GND_7_o_wide_mux_15_OUT3_rs_cy<5> (Inst_ALU/Mmux_operation[3]_GND_7_o_wide_mux_15_OUT3_rs_cy<5>)
     MUXCY:CI->O           1   0.023   0.000  Inst_ALU/Mmux_operation[3]_GND_7_o_wide_mux_15_OUT3_rs_cy<6> (Inst_ALU/Mmux_operation[3]_GND_7_o_wide_mux_15_OUT3_rs_cy<6>)
     MUXCY:CI->O           1   0.023   0.000  Inst_ALU/Mmux_operation[3]_GND_7_o_wide_mux_15_OUT3_rs_cy<7> (Inst_ALU/Mmux_operation[3]_GND_7_o_wide_mux_15_OUT3_rs_cy<7>)
     MUXCY:CI->O           0   0.023   0.000  Inst_ALU/Mmux_operation[3]_GND_7_o_wide_mux_15_OUT3_rs_cy<8> (Inst_ALU/Mmux_operation[3]_GND_7_o_wide_mux_15_OUT3_rs_cy<8>)
     XORCY:CI->O           1   0.370   0.295  Inst_ALU/Mmux_operation[3]_GND_7_o_wide_mux_15_OUT3_rs_xor<9> (Inst_ALU/Mmux_operation[3]_GND_7_o_wide_mux_15_OUT3_split<9>)
     LUT3:I2->O            1   0.097   0.379  Inst_ALU/Mmux__n0128202 (Inst_ALU/Mmux__n0128201)
     LUT6:I4->O            1   0.097   0.000  Inst_ALU/Mmux__n0128205 (Inst_ALU/_n0128<9>)
     FDE:D                     0.008          Inst_ALU/main.OUTREG_9
    ----------------------------------------
    Total                      2.551ns (1.207ns logic, 1.344ns route)
                                       (47.3% logic, 52.7% route)

=========================================================================
Timing constraint: Default OFFSET OUT AFTER for Clock 'clk'
  Total number of paths / destination ports: 40 / 22
-------------------------------------------------------------------------
Offset:              1.326ns (Levels of Logic = 2)
  Source:            Inst_ALU/output_2 (FF)
  Destination:       Ao3 (PAD)
  Source Clock:      clk rising

  Data Path: Inst_ALU/output_2 to Ao3
                                Gate     Net
    Cell:in->out      fanout   Delay   Delay  Logical Name (Net Name)
    ----------------------------------------  ------------
     FDE:C->Q              8   0.361   0.589  Inst_ALU/output_2 (Inst_ALU/output_2)
     LUT4:I0->O            1   0.097   0.279  outputSeven/A1 (Ao3_OBUF)
     OBUF:I->O                 0.000          Ao3_OBUF (Ao3)
    ----------------------------------------
    Total                      1.326ns (0.458ns logic, 0.868ns route)
                                       (34.5% logic, 65.5% route)

=========================================================================
Timing constraint: Default path analysis
  Total number of paths / destination ports: 50 / 14
-------------------------------------------------------------------------
Delay:               0.971ns (Levels of Logic = 3)
  Source:            input1<2> (PAD)
  Destination:       Ai1 (PAD)

  Data Path: input1<2> to Ai1
                                Gate     Net
    Cell:in->out      fanout   Delay   Delay  Logical Name (Net Name)
    ----------------------------------------  ------------
     IBUF:I->O             9   0.001   0.593  input1_2_IBUF (input1_2_IBUF)
     LUT4:I0->O            1   0.097   0.279  inputSeven1/A1 (Ai1_OBUF)
     OBUF:I->O                 0.000          Ai1_OBUF (Ai1)
    ----------------------------------------
    Total                      0.971ns (0.098ns logic, 0.873ns route)
                                       (10.1% logic, 89.9% route)

=========================================================================

Cross Clock Domains Report:
--------------------------

Clock to Setup on destination clock clk
---------------+---------+---------+---------+---------+
               | Src:Rise| Src:Fall| Src:Rise| Src:Fall|
Source Clock   |Dest:Rise|Dest:Rise|Dest:Fall|Dest:Fall|
---------------+---------+---------+---------+---------+
clk            |    3.352|         |         |         |
---------------+---------+---------+---------+---------+

=========================================================================


Total REAL time to Xst completion: 17.00 secs
Total CPU time to Xst completion: 17.76 secs
 
--> 

Total memory usage is 4619008 kilobytes

Number of errors   :    0 (   0 filtered)
Number of warnings :   17 (   0 filtered)
Number of infos    :    1 (   0 filtered)

